Analysis & Synthesis report for OcarinaOfVerilog
Wed Mar 22 15:17:00 2017
Quartus Prime Version 16.0.0 Build 211 04/27/2016 SJ Lite Edition


---------------------
; Table of Contents ;
---------------------
  1. Legal Notice
  2. Analysis & Synthesis Summary
  3. Analysis & Synthesis Settings
  4. Parallel Compilation
  5. Analysis & Synthesis Source Files Read
  6. Analysis & Synthesis Resource Usage Summary
  7. Analysis & Synthesis Resource Utilization by Entity
  8. State Machine - |OcarinaOfVerilog|windsrequium:wr|current_state
  9. State Machine - |OcarinaOfVerilog|songofstorms:sos|current_state
 10. State Machine - |OcarinaOfVerilog|sariasong:ss|current_state
 11. State Machine - |OcarinaOfVerilog|eponasong:es|current_state
 12. State Machine - |OcarinaOfVerilog|zeldaslullaby:z|current_state
 13. Registers Removed During Synthesis
 14. Removed Registers Triggering Further Register Optimizations
 15. General Register Statistics
 16. Port Connectivity Checks: "windsrequium:wr|RateDiv:rdiv"
 17. Port Connectivity Checks: "songofstorms:sos|RateDiv:rdiv"
 18. Port Connectivity Checks: "sariasong:ss|RateDiv:rdiv"
 19. Port Connectivity Checks: "eponasong:es|RateDiv:rdiv"
 20. Port Connectivity Checks: "zeldaslullaby:z|RateDiv:rdiv"
 21. Port Connectivity Checks: "zeldaslullaby:z"
 22. Post-Synthesis Netlist Statistics for Top Partition
 23. Elapsed Time Per Partition
 24. Analysis & Synthesis Messages



----------------
; Legal Notice ;
----------------
Copyright (C) 1991-2016 Altera Corporation. All rights reserved.
Your use of Altera Corporation's design tools, logic functions 
and other software and tools, and its AMPP partner logic 
functions, and any output files from any of the foregoing 
(including device programming or simulation files), and any 
associated documentation or information are expressly subject 
to the terms and conditions of the Altera Program License 
Subscription Agreement, the Altera Quartus Prime License Agreement,
the Altera MegaCore Function License Agreement, or other 
applicable license agreement, including, without limitation, 
that your use is for the sole purpose of programming logic 
devices manufactured by Altera and sold by Altera or its 
authorized distributors.  Please refer to the applicable 
agreement for further details.



+-------------------------------------------------------------------------------+
; Analysis & Synthesis Summary                                                  ;
+---------------------------------+---------------------------------------------+
; Analysis & Synthesis Status     ; Successful - Wed Mar 22 15:17:00 2017       ;
; Quartus Prime Version           ; 16.0.0 Build 211 04/27/2016 SJ Lite Edition ;
; Revision Name                   ; OcarinaOfVerilog                            ;
; Top-level Entity Name           ; OcarinaOfVerilog                            ;
; Family                          ; Cyclone V                                   ;
; Logic utilization (in ALMs)     ; N/A                                         ;
; Total registers                 ; 0                                           ;
; Total pins                      ; 32                                          ;
; Total virtual pins              ; 0                                           ;
; Total block memory bits         ; 0                                           ;
; Total DSP Blocks                ; 0                                           ;
; Total HSSI RX PCSs              ; 0                                           ;
; Total HSSI PMA RX Deserializers ; 0                                           ;
; Total HSSI TX PCSs              ; 0                                           ;
; Total HSSI PMA TX Serializers   ; 0                                           ;
; Total PLLs                      ; 0                                           ;
; Total DLLs                      ; 0                                           ;
+---------------------------------+---------------------------------------------+


+---------------------------------------------------------------------------------------------------------------------------+
; Analysis & Synthesis Settings                                                                                             ;
+---------------------------------------------------------------------------------+--------------------+--------------------+
; Option                                                                          ; Setting            ; Default Value      ;
+---------------------------------------------------------------------------------+--------------------+--------------------+
; Device                                                                          ; 5CGXFC7C7F23C8     ;                    ;
; Top-level entity name                                                           ; OcarinaOfVerilog   ; OcarinaOfVerilog   ;
; Family name                                                                     ; Cyclone V          ; Cyclone V          ;
; Use smart compilation                                                           ; Off                ; Off                ;
; Enable parallel Assembler and TimeQuest Timing Analyzer during compilation      ; On                 ; On                 ;
; Enable compact report table                                                     ; Off                ; Off                ;
; Restructure Multiplexers                                                        ; Auto               ; Auto               ;
; MLAB Add Timing Constraints For Mixed-Port Feed-Through Mode Setting Don't Care ; Off                ; Off                ;
; Create Debugging Nodes for IP Cores                                             ; Off                ; Off                ;
; Preserve fewer node names                                                       ; On                 ; On                 ;
; Disable OpenCore Plus hardware evaluation                                       ; Off                ; Off                ;
; Verilog Version                                                                 ; Verilog_2001       ; Verilog_2001       ;
; VHDL Version                                                                    ; VHDL_1993          ; VHDL_1993          ;
; State Machine Processing                                                        ; Auto               ; Auto               ;
; Safe State Machine                                                              ; Off                ; Off                ;
; Extract Verilog State Machines                                                  ; On                 ; On                 ;
; Extract VHDL State Machines                                                     ; On                 ; On                 ;
; Ignore Verilog initial constructs                                               ; Off                ; Off                ;
; Iteration limit for constant Verilog loops                                      ; 5000               ; 5000               ;
; Iteration limit for non-constant Verilog loops                                  ; 250                ; 250                ;
; Add Pass-Through Logic to Inferred RAMs                                         ; On                 ; On                 ;
; Infer RAMs from Raw Logic                                                       ; On                 ; On                 ;
; Parallel Synthesis                                                              ; On                 ; On                 ;
; DSP Block Balancing                                                             ; Auto               ; Auto               ;
; NOT Gate Push-Back                                                              ; On                 ; On                 ;
; Power-Up Don't Care                                                             ; On                 ; On                 ;
; Remove Redundant Logic Cells                                                    ; Off                ; Off                ;
; Remove Duplicate Registers                                                      ; On                 ; On                 ;
; Ignore CARRY Buffers                                                            ; Off                ; Off                ;
; Ignore CASCADE Buffers                                                          ; Off                ; Off                ;
; Ignore GLOBAL Buffers                                                           ; Off                ; Off                ;
; Ignore ROW GLOBAL Buffers                                                       ; Off                ; Off                ;
; Ignore LCELL Buffers                                                            ; Off                ; Off                ;
; Ignore SOFT Buffers                                                             ; On                 ; On                 ;
; Limit AHDL Integers to 32 Bits                                                  ; Off                ; Off                ;
; Optimization Technique                                                          ; Balanced           ; Balanced           ;
; Carry Chain Length                                                              ; 70                 ; 70                 ;
; Auto Carry Chains                                                               ; On                 ; On                 ;
; Auto Open-Drain Pins                                                            ; On                 ; On                 ;
; Perform WYSIWYG Primitive Resynthesis                                           ; Off                ; Off                ;
; Auto ROM Replacement                                                            ; On                 ; On                 ;
; Auto RAM Replacement                                                            ; On                 ; On                 ;
; Auto DSP Block Replacement                                                      ; On                 ; On                 ;
; Auto Shift Register Replacement                                                 ; Auto               ; Auto               ;
; Allow Shift Register Merging across Hierarchies                                 ; Auto               ; Auto               ;
; Auto Clock Enable Replacement                                                   ; On                 ; On                 ;
; Strict RAM Replacement                                                          ; Off                ; Off                ;
; Allow Synchronous Control Signals                                               ; On                 ; On                 ;
; Force Use of Synchronous Clear Signals                                          ; Off                ; Off                ;
; Auto Resource Sharing                                                           ; Off                ; Off                ;
; Allow Any RAM Size For Recognition                                              ; Off                ; Off                ;
; Allow Any ROM Size For Recognition                                              ; Off                ; Off                ;
; Allow Any Shift Register Size For Recognition                                   ; Off                ; Off                ;
; Use LogicLock Constraints during Resource Balancing                             ; On                 ; On                 ;
; Ignore translate_off and synthesis_off directives                               ; Off                ; Off                ;
; Timing-Driven Synthesis                                                         ; On                 ; On                 ;
; Report Parameter Settings                                                       ; On                 ; On                 ;
; Report Source Assignments                                                       ; On                 ; On                 ;
; Report Connectivity Checks                                                      ; On                 ; On                 ;
; Ignore Maximum Fan-Out Assignments                                              ; Off                ; Off                ;
; Synchronization Register Chain Length                                           ; 3                  ; 3                  ;
; PowerPlay Power Optimization During Synthesis                                   ; Normal compilation ; Normal compilation ;
; HDL message level                                                               ; Level2             ; Level2             ;
; Suppress Register Optimization Related Messages                                 ; Off                ; Off                ;
; Number of Removed Registers Reported in Synthesis Report                        ; 5000               ; 5000               ;
; Number of Swept Nodes Reported in Synthesis Report                              ; 5000               ; 5000               ;
; Number of Inverted Registers Reported in Synthesis Report                       ; 100                ; 100                ;
; Clock MUX Protection                                                            ; On                 ; On                 ;
; Auto Gated Clock Conversion                                                     ; Off                ; Off                ;
; Block Design Naming                                                             ; Auto               ; Auto               ;
; SDC constraint protection                                                       ; Off                ; Off                ;
; Synthesis Effort                                                                ; Auto               ; Auto               ;
; Shift Register Replacement - Allow Asynchronous Clear Signal                    ; On                 ; On                 ;
; Pre-Mapping Resynthesis Optimization                                            ; Off                ; Off                ;
; Analysis & Synthesis Message Level                                              ; Medium             ; Medium             ;
; Disable Register Merging Across Hierarchies                                     ; Auto               ; Auto               ;
; Resource Aware Inference For Block RAM                                          ; On                 ; On                 ;
; Synthesis Seed                                                                  ; 1                  ; 1                  ;
; Automatic Parallel Synthesis                                                    ; On                 ; On                 ;
; Partial Reconfiguration Bitstream ID                                            ; Off                ; Off                ;
+---------------------------------------------------------------------------------+--------------------+--------------------+


Parallel compilation was disabled, but you have multiple processors available. Enable parallel compilation to reduce compilation time.
+-------------------------------------+
; Parallel Compilation                ;
+----------------------------+--------+
; Processors                 ; Number ;
+----------------------------+--------+
; Number detected on machine ; 8      ;
; Maximum allowed            ; 1      ;
+----------------------------+--------+


+----------------------------------------------------------------------------------------------------------------------------------------------------------------------+
; Analysis & Synthesis Source Files Read                                                                                                                               ;
+----------------------------------+-----------------+------------------------+------------------------------------------------------------------------------+---------+
; File Name with User-Entered Path ; Used in Netlist ; File Type              ; File Name with Absolute Path                                                 ; Library ;
+----------------------------------+-----------------+------------------------+------------------------------------------------------------------------------+---------+
; OcarinaOfVerilog.v               ; yes             ; User Verilog HDL File  ; C:/Users/kevin/Desktop/CourseWork/csc258/OcarinaOfVerilog/OcarinaOfVerilog.v ;         ;
+----------------------------------+-----------------+------------------------+------------------------------------------------------------------------------+---------+


+-----------------------------------------------------+
; Analysis & Synthesis Resource Usage Summary         ;
+---------------------------------------------+-------+
; Resource                                    ; Usage ;
+---------------------------------------------+-------+
; Estimate of Logic utilization (ALMs needed) ; 0     ;
;                                             ;       ;
; Combinational ALUT usage for logic          ; 0     ;
;     -- 7 input functions                    ; 0     ;
;     -- 6 input functions                    ; 0     ;
;     -- 5 input functions                    ; 0     ;
;     -- 4 input functions                    ; 0     ;
;     -- <=3 input functions                  ; 0     ;
;                                             ;       ;
; Dedicated logic registers                   ; 0     ;
;                                             ;       ;
; I/O pins                                    ; 32    ;
;                                             ;       ;
; Total DSP Blocks                            ; 0     ;
;                                             ;       ;
; Maximum fan-out node                        ; SW[0] ;
; Maximum fan-out                             ; 1     ;
; Total fan-out                               ; 32    ;
; Average fan-out                             ; 0.50  ;
+---------------------------------------------+-------+


+------------------------------------------------------------------------------------------------------------------------------------------------------------------------------+
; Analysis & Synthesis Resource Utilization by Entity                                                                                                                          ;
+----------------------------+-------------------+--------------+-------------------+------------+------+--------------+---------------------+------------------+--------------+
; Compilation Hierarchy Node ; LC Combinationals ; LC Registers ; Block Memory Bits ; DSP Blocks ; Pins ; Virtual Pins ; Full Hierarchy Name ; Entity Name      ; Library Name ;
+----------------------------+-------------------+--------------+-------------------+------------+------+--------------+---------------------+------------------+--------------+
; |OcarinaOfVerilog          ; 0 (0)             ; 0 (0)        ; 0                 ; 0          ; 32   ; 0            ; |OcarinaOfVerilog   ; OcarinaOfVerilog ; work         ;
+----------------------------+-------------------+--------------+-------------------+------------+------+--------------+---------------------+------------------+--------------+
Note: For table entries with two numbers listed, the numbers in parentheses indicate the number of resources of the given type used by the specific entity alone. The numbers listed outside of parentheses indicate the total resources of the given type used by the specific entity and all of its sub-entities in the hierarchy.


Encoding Type:  One-Hot
+-------------------------------------------------------------------------------------------------------------------------------------------------------------------------------------------------------------------+
; State Machine - |OcarinaOfVerilog|windsrequium:wr|current_state                                                                                                                                                   ;
+------------------------+--------------------+------------------------+------------------------+---------------------+------------------------+---------------------+------------------------+---------------------+
; Name                   ; current_state.FAIL ; current_state.COMPLETE ; current_state.STANDBY3 ; current_state.NOTE3 ; current_state.STANDBY2 ; current_state.NOTE2 ; current_state.STANDBY1 ; current_state.NOTE1 ;
+------------------------+--------------------+------------------------+------------------------+---------------------+------------------------+---------------------+------------------------+---------------------+
; current_state.NOTE1    ; 0                  ; 0                      ; 0                      ; 0                   ; 0                      ; 0                   ; 0                      ; 0                   ;
; current_state.STANDBY1 ; 0                  ; 0                      ; 0                      ; 0                   ; 0                      ; 0                   ; 1                      ; 1                   ;
; current_state.NOTE2    ; 0                  ; 0                      ; 0                      ; 0                   ; 0                      ; 1                   ; 0                      ; 1                   ;
; current_state.STANDBY2 ; 0                  ; 0                      ; 0                      ; 0                   ; 1                      ; 0                   ; 0                      ; 1                   ;
; current_state.NOTE3    ; 0                  ; 0                      ; 0                      ; 1                   ; 0                      ; 0                   ; 0                      ; 1                   ;
; current_state.STANDBY3 ; 0                  ; 0                      ; 1                      ; 0                   ; 0                      ; 0                   ; 0                      ; 1                   ;
; current_state.COMPLETE ; 0                  ; 1                      ; 0                      ; 0                   ; 0                      ; 0                   ; 0                      ; 1                   ;
; current_state.FAIL     ; 1                  ; 0                      ; 0                      ; 0                   ; 0                      ; 0                   ; 0                      ; 1                   ;
+------------------------+--------------------+------------------------+------------------------+---------------------+------------------------+---------------------+------------------------+---------------------+


Encoding Type:  One-Hot
+-------------------------------------------------------------------------------------------------------------------------------------------------------------------------------------------------------------------+
; State Machine - |OcarinaOfVerilog|songofstorms:sos|current_state                                                                                                                                                  ;
+------------------------+--------------------+------------------------+------------------------+---------------------+------------------------+---------------------+------------------------+---------------------+
; Name                   ; current_state.FAIL ; current_state.COMPLETE ; current_state.STANDBY3 ; current_state.NOTE3 ; current_state.STANDBY2 ; current_state.NOTE2 ; current_state.STANDBY1 ; current_state.NOTE1 ;
+------------------------+--------------------+------------------------+------------------------+---------------------+------------------------+---------------------+------------------------+---------------------+
; current_state.NOTE1    ; 0                  ; 0                      ; 0                      ; 0                   ; 0                      ; 0                   ; 0                      ; 0                   ;
; current_state.STANDBY1 ; 0                  ; 0                      ; 0                      ; 0                   ; 0                      ; 0                   ; 1                      ; 1                   ;
; current_state.NOTE2    ; 0                  ; 0                      ; 0                      ; 0                   ; 0                      ; 1                   ; 0                      ; 1                   ;
; current_state.STANDBY2 ; 0                  ; 0                      ; 0                      ; 0                   ; 1                      ; 0                   ; 0                      ; 1                   ;
; current_state.NOTE3    ; 0                  ; 0                      ; 0                      ; 1                   ; 0                      ; 0                   ; 0                      ; 1                   ;
; current_state.STANDBY3 ; 0                  ; 0                      ; 1                      ; 0                   ; 0                      ; 0                   ; 0                      ; 1                   ;
; current_state.COMPLETE ; 0                  ; 1                      ; 0                      ; 0                   ; 0                      ; 0                   ; 0                      ; 1                   ;
; current_state.FAIL     ; 1                  ; 0                      ; 0                      ; 0                   ; 0                      ; 0                   ; 0                      ; 1                   ;
+------------------------+--------------------+------------------------+------------------------+---------------------+------------------------+---------------------+------------------------+---------------------+


Encoding Type:  One-Hot
+-------------------------------------------------------------------------------------------------------------------------------------------------------------------------------------------------------------------+
; State Machine - |OcarinaOfVerilog|sariasong:ss|current_state                                                                                                                                                      ;
+------------------------+--------------------+------------------------+------------------------+---------------------+------------------------+---------------------+------------------------+---------------------+
; Name                   ; current_state.FAIL ; current_state.COMPLETE ; current_state.STANDBY3 ; current_state.NOTE3 ; current_state.STANDBY2 ; current_state.NOTE2 ; current_state.STANDBY1 ; current_state.NOTE1 ;
+------------------------+--------------------+------------------------+------------------------+---------------------+------------------------+---------------------+------------------------+---------------------+
; current_state.NOTE1    ; 0                  ; 0                      ; 0                      ; 0                   ; 0                      ; 0                   ; 0                      ; 0                   ;
; current_state.STANDBY1 ; 0                  ; 0                      ; 0                      ; 0                   ; 0                      ; 0                   ; 1                      ; 1                   ;
; current_state.NOTE2    ; 0                  ; 0                      ; 0                      ; 0                   ; 0                      ; 1                   ; 0                      ; 1                   ;
; current_state.STANDBY2 ; 0                  ; 0                      ; 0                      ; 0                   ; 1                      ; 0                   ; 0                      ; 1                   ;
; current_state.NOTE3    ; 0                  ; 0                      ; 0                      ; 1                   ; 0                      ; 0                   ; 0                      ; 1                   ;
; current_state.STANDBY3 ; 0                  ; 0                      ; 1                      ; 0                   ; 0                      ; 0                   ; 0                      ; 1                   ;
; current_state.COMPLETE ; 0                  ; 1                      ; 0                      ; 0                   ; 0                      ; 0                   ; 0                      ; 1                   ;
; current_state.FAIL     ; 1                  ; 0                      ; 0                      ; 0                   ; 0                      ; 0                   ; 0                      ; 1                   ;
+------------------------+--------------------+------------------------+------------------------+---------------------+------------------------+---------------------+------------------------+---------------------+


Encoding Type:  One-Hot
+-------------------------------------------------------------------------------------------------------------------------------------------------------------------------------------------------------------------+
; State Machine - |OcarinaOfVerilog|eponasong:es|current_state                                                                                                                                                      ;
+------------------------+--------------------+------------------------+------------------------+---------------------+------------------------+---------------------+------------------------+---------------------+
; Name                   ; current_state.FAIL ; current_state.COMPLETE ; current_state.STANDBY3 ; current_state.NOTE3 ; current_state.STANDBY2 ; current_state.NOTE2 ; current_state.STANDBY1 ; current_state.NOTE1 ;
+------------------------+--------------------+------------------------+------------------------+---------------------+------------------------+---------------------+------------------------+---------------------+
; current_state.NOTE1    ; 0                  ; 0                      ; 0                      ; 0                   ; 0                      ; 0                   ; 0                      ; 0                   ;
; current_state.STANDBY1 ; 0                  ; 0                      ; 0                      ; 0                   ; 0                      ; 0                   ; 1                      ; 1                   ;
; current_state.NOTE2    ; 0                  ; 0                      ; 0                      ; 0                   ; 0                      ; 1                   ; 0                      ; 1                   ;
; current_state.STANDBY2 ; 0                  ; 0                      ; 0                      ; 0                   ; 1                      ; 0                   ; 0                      ; 1                   ;
; current_state.NOTE3    ; 0                  ; 0                      ; 0                      ; 1                   ; 0                      ; 0                   ; 0                      ; 1                   ;
; current_state.STANDBY3 ; 0                  ; 0                      ; 1                      ; 0                   ; 0                      ; 0                   ; 0                      ; 1                   ;
; current_state.COMPLETE ; 0                  ; 1                      ; 0                      ; 0                   ; 0                      ; 0                   ; 0                      ; 1                   ;
; current_state.FAIL     ; 1                  ; 0                      ; 0                      ; 0                   ; 0                      ; 0                   ; 0                      ; 1                   ;
+------------------------+--------------------+------------------------+------------------------+---------------------+------------------------+---------------------+------------------------+---------------------+


Encoding Type:  One-Hot
+-------------------------------------------------------------------------------------------------------------------------------------------------------------------------------------------------------------------+
; State Machine - |OcarinaOfVerilog|zeldaslullaby:z|current_state                                                                                                                                                   ;
+------------------------+--------------------+------------------------+------------------------+---------------------+------------------------+---------------------+------------------------+---------------------+
; Name                   ; current_state.FAIL ; current_state.COMPLETE ; current_state.STANDBY3 ; current_state.NOTE3 ; current_state.STANDBY2 ; current_state.NOTE2 ; current_state.STANDBY1 ; current_state.NOTE1 ;
+------------------------+--------------------+------------------------+------------------------+---------------------+------------------------+---------------------+------------------------+---------------------+
; current_state.NOTE1    ; 0                  ; 0                      ; 0                      ; 0                   ; 0                      ; 0                   ; 0                      ; 0                   ;
; current_state.STANDBY1 ; 0                  ; 0                      ; 0                      ; 0                   ; 0                      ; 0                   ; 1                      ; 1                   ;
; current_state.NOTE2    ; 0                  ; 0                      ; 0                      ; 0                   ; 0                      ; 1                   ; 0                      ; 1                   ;
; current_state.STANDBY2 ; 0                  ; 0                      ; 0                      ; 0                   ; 1                      ; 0                   ; 0                      ; 1                   ;
; current_state.NOTE3    ; 0                  ; 0                      ; 0                      ; 1                   ; 0                      ; 0                   ; 0                      ; 1                   ;
; current_state.STANDBY3 ; 0                  ; 0                      ; 1                      ; 0                   ; 0                      ; 0                   ; 0                      ; 1                   ;
; current_state.COMPLETE ; 0                  ; 1                      ; 0                      ; 0                   ; 0                      ; 0                   ; 0                      ; 1                   ;
; current_state.FAIL     ; 1                  ; 0                      ; 0                      ; 0                   ; 0                      ; 0                   ; 0                      ; 1                   ;
+------------------------+--------------------+------------------------+------------------------+---------------------+------------------------+---------------------+------------------------+---------------------+


+--------------------------------------------------------------------------------+
; Registers Removed During Synthesis                                             ;
+-----------------------------------------+--------------------------------------+
; Register name                           ; Reason for Removal                   ;
+-----------------------------------------+--------------------------------------+
; lfsr:l|song1_en                         ; Stuck at GND due to stuck port clock ;
; lfsr:l|song2_en                         ; Stuck at GND due to stuck port clock ;
; lfsr:l|song3_en                         ; Stuck at GND due to stuck port clock ;
; lfsr:l|song4_en                         ; Stuck at GND due to stuck port clock ;
; lfsr:l|song5_en                         ; Stuck at GND due to stuck port clock ;
; lfsr:l|rando[0]                         ; Stuck at GND due to stuck port clock ;
; lfsr:l|rando[1,2]                       ; Lost fanout                          ;
; windsrequium:wr|current_state~2         ; Lost fanout                          ;
; windsrequium:wr|current_state~3         ; Lost fanout                          ;
; windsrequium:wr|current_state~4         ; Lost fanout                          ;
; windsrequium:wr|current_state~5         ; Lost fanout                          ;
; windsrequium:wr|current_state~6         ; Lost fanout                          ;
; windsrequium:wr|current_state~7         ; Lost fanout                          ;
; windsrequium:wr|current_state.NOTE1     ; Stuck at GND due to stuck port clock ;
; windsrequium:wr|current_state.STANDBY1  ; Stuck at GND due to stuck port clock ;
; windsrequium:wr|current_state.NOTE2     ; Stuck at GND due to stuck port clock ;
; windsrequium:wr|current_state.STANDBY2  ; Stuck at GND due to stuck port clock ;
; windsrequium:wr|current_state.NOTE3     ; Stuck at GND due to stuck port clock ;
; windsrequium:wr|current_state.STANDBY3  ; Stuck at GND due to stuck port clock ;
; windsrequium:wr|current_state.COMPLETE  ; Stuck at GND due to stuck port clock ;
; windsrequium:wr|current_state.FAIL      ; Stuck at GND due to stuck port clock ;
; songofstorms:sos|current_state~2        ; Lost fanout                          ;
; songofstorms:sos|current_state~3        ; Lost fanout                          ;
; songofstorms:sos|current_state~4        ; Lost fanout                          ;
; songofstorms:sos|current_state~5        ; Lost fanout                          ;
; songofstorms:sos|current_state~6        ; Lost fanout                          ;
; songofstorms:sos|current_state~7        ; Lost fanout                          ;
; songofstorms:sos|current_state.NOTE1    ; Stuck at GND due to stuck port clock ;
; songofstorms:sos|current_state.STANDBY1 ; Stuck at GND due to stuck port clock ;
; songofstorms:sos|current_state.NOTE2    ; Stuck at GND due to stuck port clock ;
; songofstorms:sos|current_state.STANDBY2 ; Stuck at GND due to stuck port clock ;
; songofstorms:sos|current_state.NOTE3    ; Stuck at GND due to stuck port clock ;
; songofstorms:sos|current_state.STANDBY3 ; Stuck at GND due to stuck port clock ;
; songofstorms:sos|current_state.COMPLETE ; Stuck at GND due to stuck port clock ;
; songofstorms:sos|current_state.FAIL     ; Stuck at GND due to stuck port clock ;
; sariasong:ss|current_state~2            ; Lost fanout                          ;
; sariasong:ss|current_state~3            ; Lost fanout                          ;
; sariasong:ss|current_state~4            ; Lost fanout                          ;
; sariasong:ss|current_state~5            ; Lost fanout                          ;
; sariasong:ss|current_state~6            ; Lost fanout                          ;
; sariasong:ss|current_state~7            ; Lost fanout                          ;
; sariasong:ss|current_state.NOTE1        ; Stuck at GND due to stuck port clock ;
; sariasong:ss|current_state.STANDBY1     ; Stuck at GND due to stuck port clock ;
; sariasong:ss|current_state.NOTE2        ; Stuck at GND due to stuck port clock ;
; sariasong:ss|current_state.STANDBY2     ; Stuck at GND due to stuck port clock ;
; sariasong:ss|current_state.NOTE3        ; Stuck at GND due to stuck port clock ;
; sariasong:ss|current_state.STANDBY3     ; Stuck at GND due to stuck port clock ;
; sariasong:ss|current_state.COMPLETE     ; Stuck at GND due to stuck port clock ;
; sariasong:ss|current_state.FAIL         ; Stuck at GND due to stuck port clock ;
; eponasong:es|current_state~2            ; Lost fanout                          ;
; eponasong:es|current_state~3            ; Lost fanout                          ;
; eponasong:es|current_state~4            ; Lost fanout                          ;
; eponasong:es|current_state~5            ; Lost fanout                          ;
; eponasong:es|current_state~6            ; Lost fanout                          ;
; eponasong:es|current_state~7            ; Lost fanout                          ;
; eponasong:es|current_state.NOTE1        ; Stuck at GND due to stuck port clock ;
; eponasong:es|current_state.STANDBY1     ; Stuck at GND due to stuck port clock ;
; eponasong:es|current_state.NOTE2        ; Stuck at GND due to stuck port clock ;
; eponasong:es|current_state.STANDBY2     ; Stuck at GND due to stuck port clock ;
; eponasong:es|current_state.NOTE3        ; Stuck at GND due to stuck port clock ;
; eponasong:es|current_state.STANDBY3     ; Stuck at GND due to stuck port clock ;
; eponasong:es|current_state.COMPLETE     ; Stuck at GND due to stuck port clock ;
; eponasong:es|current_state.FAIL         ; Stuck at GND due to stuck port clock ;
; zeldaslullaby:z|current_state~2         ; Lost fanout                          ;
; zeldaslullaby:z|current_state~3         ; Lost fanout                          ;
; zeldaslullaby:z|current_state~4         ; Lost fanout                          ;
; zeldaslullaby:z|current_state~5         ; Lost fanout                          ;
; zeldaslullaby:z|current_state~6         ; Lost fanout                          ;
; zeldaslullaby:z|current_state~7         ; Lost fanout                          ;
; zeldaslullaby:z|current_state.NOTE1     ; Stuck at GND due to stuck port clock ;
; zeldaslullaby:z|current_state.STANDBY1  ; Stuck at GND due to stuck port clock ;
; zeldaslullaby:z|current_state.NOTE2     ; Stuck at GND due to stuck port clock ;
; zeldaslullaby:z|current_state.STANDBY2  ; Stuck at GND due to stuck port clock ;
; zeldaslullaby:z|current_state.NOTE3     ; Stuck at GND due to stuck port clock ;
; zeldaslullaby:z|current_state.STANDBY3  ; Stuck at GND due to stuck port clock ;
; zeldaslullaby:z|current_state.COMPLETE  ; Stuck at GND due to stuck port clock ;
; zeldaslullaby:z|current_state.FAIL      ; Stuck at GND due to stuck port clock ;
; datapathest:d0|midlow                   ; Lost fanout                          ;
; datapathest:d0|midhigh                  ; Lost fanout                          ;
; datapathest:d0|low                      ; Lost fanout                          ;
; datapathest:d0|high                     ; Lost fanout                          ;
; Total Number of Removed Registers = 82  ;                                      ;
+-----------------------------------------+--------------------------------------+


+------------------------------------------------------------------------------------------------------------------------------+
; Removed Registers Triggering Further Register Optimizations                                                                  ;
+-----------------+-------------------------+----------------------------------------------------------------------------------+
; Register name   ; Reason for Removal      ; Registers Removed due to This Register                                           ;
+-----------------+-------------------------+----------------------------------------------------------------------------------+
; lfsr:l|song1_en ; Stuck at GND            ; lfsr:l|rando[2], lfsr:l|rando[1], datapathest:d0|midlow, datapathest:d0|midhigh, ;
;                 ; due to stuck port clock ; datapathest:d0|low, datapathest:d0|high                                          ;
+-----------------+-------------------------+----------------------------------------------------------------------------------+


+------------------------------------------------------+
; General Register Statistics                          ;
+----------------------------------------------+-------+
; Statistic                                    ; Value ;
+----------------------------------------------+-------+
; Total registers                              ; 0     ;
; Number of registers using Synchronous Clear  ; 0     ;
; Number of registers using Synchronous Load   ; 0     ;
; Number of registers using Asynchronous Clear ; 0     ;
; Number of registers using Asynchronous Load  ; 0     ;
; Number of registers using Clock Enable       ; 0     ;
; Number of registers using Preset             ; 0     ;
+----------------------------------------------+-------+


+----------------------------------------------------------------------------------------------------------------+
; Port Connectivity Checks: "windsrequium:wr|RateDiv:rdiv"                                                       ;
+------+--------+----------+-------------------------------------------------------------------------------------+
; Port ; Type   ; Severity ; Details                                                                             ;
+------+--------+----------+-------------------------------------------------------------------------------------+
; en   ; Output ; Info     ; Connected to dangling logic. Logic that only feeds a dangling port will be removed. ;
+------+--------+----------+-------------------------------------------------------------------------------------+


+----------------------------------------------------------------------------------------------------------------+
; Port Connectivity Checks: "songofstorms:sos|RateDiv:rdiv"                                                      ;
+------+--------+----------+-------------------------------------------------------------------------------------+
; Port ; Type   ; Severity ; Details                                                                             ;
+------+--------+----------+-------------------------------------------------------------------------------------+
; en   ; Output ; Info     ; Connected to dangling logic. Logic that only feeds a dangling port will be removed. ;
+------+--------+----------+-------------------------------------------------------------------------------------+


+----------------------------------------------------------------------------------------------------------------+
; Port Connectivity Checks: "sariasong:ss|RateDiv:rdiv"                                                          ;
+------+--------+----------+-------------------------------------------------------------------------------------+
; Port ; Type   ; Severity ; Details                                                                             ;
+------+--------+----------+-------------------------------------------------------------------------------------+
; en   ; Output ; Info     ; Connected to dangling logic. Logic that only feeds a dangling port will be removed. ;
+------+--------+----------+-------------------------------------------------------------------------------------+


+----------------------------------------------------------------------------------------------------------------+
; Port Connectivity Checks: "eponasong:es|RateDiv:rdiv"                                                          ;
+------+--------+----------+-------------------------------------------------------------------------------------+
; Port ; Type   ; Severity ; Details                                                                             ;
+------+--------+----------+-------------------------------------------------------------------------------------+
; en   ; Output ; Info     ; Connected to dangling logic. Logic that only feeds a dangling port will be removed. ;
+------+--------+----------+-------------------------------------------------------------------------------------+


+----------------------------------------------------------------------------------------------------------------+
; Port Connectivity Checks: "zeldaslullaby:z|RateDiv:rdiv"                                                       ;
+------+--------+----------+-------------------------------------------------------------------------------------+
; Port ; Type   ; Severity ; Details                                                                             ;
+------+--------+----------+-------------------------------------------------------------------------------------+
; en   ; Output ; Info     ; Connected to dangling logic. Logic that only feeds a dangling port will be removed. ;
+------+--------+----------+-------------------------------------------------------------------------------------+


+------------------------------------------------------------------------------------------------------------------+
; Port Connectivity Checks: "zeldaslullaby:z"                                                                      ;
+--------+--------+----------+-------------------------------------------------------------------------------------+
; Port   ; Type   ; Severity ; Details                                                                             ;
+--------+--------+----------+-------------------------------------------------------------------------------------+
; result ; Output ; Info     ; Connected to dangling logic. Logic that only feeds a dangling port will be removed. ;
+--------+--------+----------+-------------------------------------------------------------------------------------+


+-----------------------------------------------------+
; Post-Synthesis Netlist Statistics for Top Partition ;
+-----------------------+-----------------------------+
; Type                  ; Count                       ;
+-----------------------+-----------------------------+
; arriav_lcell_comb     ; 1                           ;
;     normal            ; 1                           ;
;         0 data inputs ; 1                           ;
; boundary_port         ; 32                          ;
;                       ;                             ;
; Max LUT depth         ; 0.00                        ;
; Average LUT depth     ; 0.00                        ;
+-----------------------+-----------------------------+


+-------------------------------+
; Elapsed Time Per Partition    ;
+----------------+--------------+
; Partition Name ; Elapsed Time ;
+----------------+--------------+
; Top            ; 00:00:00     ;
+----------------+--------------+


+-------------------------------+
; Analysis & Synthesis Messages ;
+-------------------------------+
Info: *******************************************************************
Info: Running Quartus Prime Analysis & Synthesis
    Info: Version 16.0.0 Build 211 04/27/2016 SJ Lite Edition
    Info: Processing started: Wed Mar 22 15:16:29 2017
Info: Command: quartus_map --read_settings_files=on --write_settings_files=off OcarinaOfVerilog -c OcarinaOfVerilog
Warning (20028): Parallel compilation is not licensed and has been disabled
Info (12021): Found 9 design units, including 9 entities, in source file ocarinaofverilog.v
    Info (12023): Found entity 1: OcarinaOfVerilog File: C:/Users/kevin/Desktop/CourseWork/csc258/OcarinaOfVerilog/OcarinaOfVerilog.v Line: 4
    Info (12023): Found entity 2: datapathest File: C:/Users/kevin/Desktop/CourseWork/csc258/OcarinaOfVerilog/OcarinaOfVerilog.v Line: 51
    Info (12023): Found entity 3: zeldaslullaby File: C:/Users/kevin/Desktop/CourseWork/csc258/OcarinaOfVerilog/OcarinaOfVerilog.v Line: 84
    Info (12023): Found entity 4: eponasong File: C:/Users/kevin/Desktop/CourseWork/csc258/OcarinaOfVerilog/OcarinaOfVerilog.v Line: 157
    Info (12023): Found entity 5: sariasong File: C:/Users/kevin/Desktop/CourseWork/csc258/OcarinaOfVerilog/OcarinaOfVerilog.v Line: 230
    Info (12023): Found entity 6: songofstorms File: C:/Users/kevin/Desktop/CourseWork/csc258/OcarinaOfVerilog/OcarinaOfVerilog.v Line: 303
    Info (12023): Found entity 7: windsrequium File: C:/Users/kevin/Desktop/CourseWork/csc258/OcarinaOfVerilog/OcarinaOfVerilog.v Line: 376
    Info (12023): Found entity 8: RateDiv File: C:/Users/kevin/Desktop/CourseWork/csc258/OcarinaOfVerilog/OcarinaOfVerilog.v Line: 449
    Info (12023): Found entity 9: lfsr File: C:/Users/kevin/Desktop/CourseWork/csc258/OcarinaOfVerilog/OcarinaOfVerilog.v Line: 466
Warning (10236): Verilog HDL Implicit Net warning at OcarinaOfVerilog.v(23): created implicit net for "clk" File: C:/Users/kevin/Desktop/CourseWork/csc258/OcarinaOfVerilog/OcarinaOfVerilog.v Line: 23
Warning (10236): Verilog HDL Implicit Net warning at OcarinaOfVerilog.v(23): created implicit net for "result" File: C:/Users/kevin/Desktop/CourseWork/csc258/OcarinaOfVerilog/OcarinaOfVerilog.v Line: 23
Warning (10236): Verilog HDL Implicit Net warning at OcarinaOfVerilog.v(96): created implicit net for "CLOCK_50" File: C:/Users/kevin/Desktop/CourseWork/csc258/OcarinaOfVerilog/OcarinaOfVerilog.v Line: 96
Warning (10236): Verilog HDL Implicit Net warning at OcarinaOfVerilog.v(169): created implicit net for "CLOCK_50" File: C:/Users/kevin/Desktop/CourseWork/csc258/OcarinaOfVerilog/OcarinaOfVerilog.v Line: 169
Warning (10236): Verilog HDL Implicit Net warning at OcarinaOfVerilog.v(242): created implicit net for "CLOCK_50" File: C:/Users/kevin/Desktop/CourseWork/csc258/OcarinaOfVerilog/OcarinaOfVerilog.v Line: 242
Warning (10236): Verilog HDL Implicit Net warning at OcarinaOfVerilog.v(315): created implicit net for "CLOCK_50" File: C:/Users/kevin/Desktop/CourseWork/csc258/OcarinaOfVerilog/OcarinaOfVerilog.v Line: 315
Warning (10236): Verilog HDL Implicit Net warning at OcarinaOfVerilog.v(388): created implicit net for "CLOCK_50" File: C:/Users/kevin/Desktop/CourseWork/csc258/OcarinaOfVerilog/OcarinaOfVerilog.v Line: 388
Info (12127): Elaborating entity "OcarinaOfVerilog" for the top level hierarchy
Warning (10034): Output port "LEDR" at OcarinaOfVerilog.v(9) has no driver File: C:/Users/kevin/Desktop/CourseWork/csc258/OcarinaOfVerilog/OcarinaOfVerilog.v Line: 9
Warning (10034): Output port "HEX0" at OcarinaOfVerilog.v(10) has no driver File: C:/Users/kevin/Desktop/CourseWork/csc258/OcarinaOfVerilog/OcarinaOfVerilog.v Line: 10
Info (12128): Elaborating entity "zeldaslullaby" for hierarchy "zeldaslullaby:z" File: C:/Users/kevin/Desktop/CourseWork/csc258/OcarinaOfVerilog/OcarinaOfVerilog.v Line: 23
Info (12128): Elaborating entity "RateDiv" for hierarchy "zeldaslullaby:z|RateDiv:rdiv" File: C:/Users/kevin/Desktop/CourseWork/csc258/OcarinaOfVerilog/OcarinaOfVerilog.v Line: 96
Warning (10230): Verilog HDL assignment warning at OcarinaOfVerilog.v(454): truncated value with size 32 to match size of target (1) File: C:/Users/kevin/Desktop/CourseWork/csc258/OcarinaOfVerilog/OcarinaOfVerilog.v Line: 454
Info (12128): Elaborating entity "eponasong" for hierarchy "eponasong:es" File: C:/Users/kevin/Desktop/CourseWork/csc258/OcarinaOfVerilog/OcarinaOfVerilog.v Line: 24
Info (12128): Elaborating entity "sariasong" for hierarchy "sariasong:ss" File: C:/Users/kevin/Desktop/CourseWork/csc258/OcarinaOfVerilog/OcarinaOfVerilog.v Line: 25
Info (12128): Elaborating entity "songofstorms" for hierarchy "songofstorms:sos" File: C:/Users/kevin/Desktop/CourseWork/csc258/OcarinaOfVerilog/OcarinaOfVerilog.v Line: 26
Info (12128): Elaborating entity "windsrequium" for hierarchy "windsrequium:wr" File: C:/Users/kevin/Desktop/CourseWork/csc258/OcarinaOfVerilog/OcarinaOfVerilog.v Line: 27
Info (12128): Elaborating entity "datapathest" for hierarchy "datapathest:d0" File: C:/Users/kevin/Desktop/CourseWork/csc258/OcarinaOfVerilog/OcarinaOfVerilog.v Line: 44
Info (12128): Elaborating entity "lfsr" for hierarchy "lfsr:l" File: C:/Users/kevin/Desktop/CourseWork/csc258/OcarinaOfVerilog/OcarinaOfVerilog.v Line: 46
Warning (12011): Net is missing source, defaulting to GND
    Warning (12110): Net "clk" is missing source, defaulting to GND File: C:/Users/kevin/Desktop/CourseWork/csc258/OcarinaOfVerilog/OcarinaOfVerilog.v Line: 23
Warning (13024): Output pins are stuck at VCC or GND
    Warning (13410): Pin "LEDR[0]" is stuck at GND File: C:/Users/kevin/Desktop/CourseWork/csc258/OcarinaOfVerilog/OcarinaOfVerilog.v Line: 9
    Warning (13410): Pin "LEDR[1]" is stuck at GND File: C:/Users/kevin/Desktop/CourseWork/csc258/OcarinaOfVerilog/OcarinaOfVerilog.v Line: 9
    Warning (13410): Pin "LEDR[2]" is stuck at GND File: C:/Users/kevin/Desktop/CourseWork/csc258/OcarinaOfVerilog/OcarinaOfVerilog.v Line: 9
    Warning (13410): Pin "LEDR[3]" is stuck at GND File: C:/Users/kevin/Desktop/CourseWork/csc258/OcarinaOfVerilog/OcarinaOfVerilog.v Line: 9
    Warning (13410): Pin "LEDR[4]" is stuck at GND File: C:/Users/kevin/Desktop/CourseWork/csc258/OcarinaOfVerilog/OcarinaOfVerilog.v Line: 9
    Warning (13410): Pin "LEDR[5]" is stuck at GND File: C:/Users/kevin/Desktop/CourseWork/csc258/OcarinaOfVerilog/OcarinaOfVerilog.v Line: 9
    Warning (13410): Pin "LEDR[6]" is stuck at GND File: C:/Users/kevin/Desktop/CourseWork/csc258/OcarinaOfVerilog/OcarinaOfVerilog.v Line: 9
    Warning (13410): Pin "LEDR[7]" is stuck at GND File: C:/Users/kevin/Desktop/CourseWork/csc258/OcarinaOfVerilog/OcarinaOfVerilog.v Line: 9
    Warning (13410): Pin "LEDR[8]" is stuck at GND File: C:/Users/kevin/Desktop/CourseWork/csc258/OcarinaOfVerilog/OcarinaOfVerilog.v Line: 9
    Warning (13410): Pin "LEDR[9]" is stuck at GND File: C:/Users/kevin/Desktop/CourseWork/csc258/OcarinaOfVerilog/OcarinaOfVerilog.v Line: 9
    Warning (13410): Pin "HEX0[0]" is stuck at GND File: C:/Users/kevin/Desktop/CourseWork/csc258/OcarinaOfVerilog/OcarinaOfVerilog.v Line: 10
    Warning (13410): Pin "HEX0[1]" is stuck at GND File: C:/Users/kevin/Desktop/CourseWork/csc258/OcarinaOfVerilog/OcarinaOfVerilog.v Line: 10
    Warning (13410): Pin "HEX0[2]" is stuck at GND File: C:/Users/kevin/Desktop/CourseWork/csc258/OcarinaOfVerilog/OcarinaOfVerilog.v Line: 10
    Warning (13410): Pin "HEX0[3]" is stuck at GND File: C:/Users/kevin/Desktop/CourseWork/csc258/OcarinaOfVerilog/OcarinaOfVerilog.v Line: 10
    Warning (13410): Pin "HEX0[4]" is stuck at GND File: C:/Users/kevin/Desktop/CourseWork/csc258/OcarinaOfVerilog/OcarinaOfVerilog.v Line: 10
    Warning (13410): Pin "HEX0[5]" is stuck at GND File: C:/Users/kevin/Desktop/CourseWork/csc258/OcarinaOfVerilog/OcarinaOfVerilog.v Line: 10
    Warning (13410): Pin "HEX0[6]" is stuck at GND File: C:/Users/kevin/Desktop/CourseWork/csc258/OcarinaOfVerilog/OcarinaOfVerilog.v Line: 10
Info (17049): 36 registers lost all their fanouts during netlist optimizations.
Info (16010): Generating hard_block partition "hard_block:auto_generated_inst"
    Info (16011): Adding 0 node(s), including 0 DDIO, 0 PLL, 0 transceiver and 0 LCELL
Warning (21074): Design contains 15 input pin(s) that do not drive logic
    Warning (15610): No output dependent on input pin "SW[0]" File: C:/Users/kevin/Desktop/CourseWork/csc258/OcarinaOfVerilog/OcarinaOfVerilog.v Line: 5
    Warning (15610): No output dependent on input pin "SW[1]" File: C:/Users/kevin/Desktop/CourseWork/csc258/OcarinaOfVerilog/OcarinaOfVerilog.v Line: 5
    Warning (15610): No output dependent on input pin "SW[2]" File: C:/Users/kevin/Desktop/CourseWork/csc258/OcarinaOfVerilog/OcarinaOfVerilog.v Line: 5
    Warning (15610): No output dependent on input pin "SW[3]" File: C:/Users/kevin/Desktop/CourseWork/csc258/OcarinaOfVerilog/OcarinaOfVerilog.v Line: 5
    Warning (15610): No output dependent on input pin "SW[4]" File: C:/Users/kevin/Desktop/CourseWork/csc258/OcarinaOfVerilog/OcarinaOfVerilog.v Line: 5
    Warning (15610): No output dependent on input pin "SW[5]" File: C:/Users/kevin/Desktop/CourseWork/csc258/OcarinaOfVerilog/OcarinaOfVerilog.v Line: 5
    Warning (15610): No output dependent on input pin "SW[6]" File: C:/Users/kevin/Desktop/CourseWork/csc258/OcarinaOfVerilog/OcarinaOfVerilog.v Line: 5
    Warning (15610): No output dependent on input pin "SW[7]" File: C:/Users/kevin/Desktop/CourseWork/csc258/OcarinaOfVerilog/OcarinaOfVerilog.v Line: 5
    Warning (15610): No output dependent on input pin "SW[8]" File: C:/Users/kevin/Desktop/CourseWork/csc258/OcarinaOfVerilog/OcarinaOfVerilog.v Line: 5
    Warning (15610): No output dependent on input pin "SW[9]" File: C:/Users/kevin/Desktop/CourseWork/csc258/OcarinaOfVerilog/OcarinaOfVerilog.v Line: 5
    Warning (15610): No output dependent on input pin "KEY[1]" File: C:/Users/kevin/Desktop/CourseWork/csc258/OcarinaOfVerilog/OcarinaOfVerilog.v Line: 6
    Warning (15610): No output dependent on input pin "CLOCK_50" File: C:/Users/kevin/Desktop/CourseWork/csc258/OcarinaOfVerilog/OcarinaOfVerilog.v Line: 7
    Warning (15610): No output dependent on input pin "KEY[0]" File: C:/Users/kevin/Desktop/CourseWork/csc258/OcarinaOfVerilog/OcarinaOfVerilog.v Line: 6
    Warning (15610): No output dependent on input pin "KEY[2]" File: C:/Users/kevin/Desktop/CourseWork/csc258/OcarinaOfVerilog/OcarinaOfVerilog.v Line: 6
    Warning (15610): No output dependent on input pin "KEY[3]" File: C:/Users/kevin/Desktop/CourseWork/csc258/OcarinaOfVerilog/OcarinaOfVerilog.v Line: 6
Info (21057): Implemented 32 device resources after synthesis - the final resource count might be different
    Info (21058): Implemented 15 input pins
    Info (21059): Implemented 17 output pins
Info: Quartus Prime Analysis & Synthesis was successful. 0 errors, 47 warnings
    Info: Peak virtual memory: 895 megabytes
    Info: Processing ended: Wed Mar 22 15:17:00 2017
    Info: Elapsed time: 00:00:31
    Info: Total CPU time (on all processors): 00:01:17


